main.c:129:5:check_error	8	static
main.c:140:9:nucleo_byte_read	24	static
main.c:152:6:nucleo_byte_write	24	static
main.c:161:9:virtual_read	24	static
main.c:204:6:virtual_write	24	static
main.c:231:10:get_decimal	24	static
main.c:236:10:new_channel	24	static
main.c:247:9:new_device	40	static
main.c:265:5:main	88	static
main.c:349:6:SystemClock_Config	160	static
main.c:395:13:MX_I2C1_Init	8	static
main.c:441:13:MX_USART2_UART_Init	8	static
main.c:476:13:MX_GPIO_Init	48	static
main.c:520:6:Error_Handler	4	static
