main.c:125:5:check_error	12	static
main.c:133:9:HAL_byte_read	24	static
main.c:145:6:HAL_byte_write	24	static
main.c:154:9:virtual_read	24	static
main.c:188:6:virtual_write	24	static
main.c:212:10:get_decimal	24	static
main.c:217:6:init_channel	16	static
main.c:226:6:init_device	24	static
main.c:242:5:main	88	static
main.c:318:6:SystemClock_Config	160	static
main.c:364:13:MX_I2C1_Init	8	static
main.c:410:13:MX_USART2_UART_Init	8	static
main.c:445:13:MX_GPIO_Init	48	static
main.c:489:6:Error_Handler	4	static
